2026-05-22 17:02:50,570 - INFO - Cargando dataset...
2026-05-22 17:02:50,574 - INFO - Dataset cargado: 50 filas, 11 columnas
2026-05-22 17:02:50,574 - INFO - Iniciando limpieza...
2026-05-22 17:02:50,576 - INFO - Registros eliminados: 0
2026-05-22 17:02:50,576 - INFO - Aplicando transformaciones...
2026-05-22 17:02:50,580 - INFO - Archivo guardado en data/processed/mascotas_limpio.csv con 50 registros
2026-05-22 17:02:50,580 - INFO - Pipeline finalizado correctamente ✓
2026-05-22 17:26:25,134 - INFO - Cargando dataset...
2026-05-22 17:26:25,136 - INFO - Dataset cargado: 50 filas, 11 columnas
2026-05-22 17:26:25,136 - INFO - Iniciando limpieza...
2026-05-22 17:26:25,138 - INFO - Registros eliminados: 7
2026-05-22 17:26:25,138 - INFO - Aplicando transformaciones...
2026-05-22 17:26:25,141 - INFO - Transformaciones aplicadas correctamente
2026-05-22 17:26:25,142 - INFO - Archivo guardado en data/processed/mascotas_limpio.csv con 39 registros
2026-05-22 17:26:25,142 - INFO - Pipeline finalizado correctamente ✓
2026-05-22 17:27:07,136 - INFO - Cargando dataset...
2026-05-22 17:27:07,137 - INFO - Dataset cargado: 50 filas, 11 columnas
2026-05-22 17:27:07,137 - INFO - Iniciando limpieza...
2026-05-22 17:27:07,140 - INFO - Registros eliminados: 7
2026-05-22 17:27:07,140 - INFO - Aplicando transformaciones...
2026-05-22 17:27:07,143 - INFO - Transformaciones aplicadas correctamente
2026-05-22 17:27:07,144 - INFO - Archivo guardado en data/processed/mascotas_limpio.csv con 39 registros
2026-05-22 17:27:07,144 - INFO - Pipeline finalizado correctamente ✓
2026-05-22 17:29:10,635 - INFO - Cargando dataset...
2026-05-22 17:29:10,637 - INFO - Dataset cargado: 50 filas, 11 columnas
2026-05-22 17:29:10,637 - INFO - Iniciando limpieza...
2026-05-22 17:29:10,640 - INFO - Registros eliminados en limpieza: 3
2026-05-22 17:29:10,640 - INFO - Aplicando transformaciones...
2026-05-22 17:29:10,643 - INFO - Transformaciones aplicadas correctamente
2026-05-22 17:29:10,644 - INFO - Archivo guardado en data/processed/mascotas_limpio.csv con 43 registros
2026-05-22 17:29:10,644 - INFO - Pipeline finalizado correctamente ✓
2026-05-22 17:30:49,287 - INFO - Cargando dataset...
2026-05-22 17:30:49,290 - INFO - Dataset cargado: 50 filas, 11 columnas
2026-05-22 17:30:49,290 - INFO - Iniciando limpieza...
2026-05-22 17:30:49,293 - INFO - Registros eliminados en limpieza: 3
2026-05-22 17:30:49,293 - INFO - Aplicando transformaciones...
2026-05-22 17:30:49,296 - INFO - Transformaciones aplicadas correctamente
2026-05-22 17:30:49,297 - INFO - Archivo guardado en data/processed/mascotas_limpio.csv con 43 registros
2026-05-22 17:30:49,297 - INFO - Pipeline finalizado correctamente ✓
2026-05-22 17:32:16,229 - INFO - Cargando dataset...
2026-05-22 17:32:16,231 - INFO - Dataset cargado: 50 filas, 11 columnas
2026-05-22 17:32:16,231 - INFO - Iniciando limpieza...
2026-05-22 17:32:16,234 - INFO - Registros eliminados en limpieza: 3
2026-05-22 17:32:16,234 - INFO - Aplicando transformaciones...
2026-05-22 17:32:16,236 - INFO - Transformaciones aplicadas correctamente
2026-05-22 17:32:16,238 - INFO - Archivo guardado en data/processed/mascotas_limpio.csv con 43 registros
2026-05-22 17:32:16,238 - INFO - Pipeline finalizado correctamente ✓
2026-05-22 17:35:52,318 - INFO - Cargando dataset...
2026-05-22 17:35:52,320 - INFO - Dataset cargado: 50 filas, 11 columnas
2026-05-22 17:35:52,320 - INFO - Iniciando limpieza...
2026-05-22 17:35:52,323 - INFO - Registros eliminados en limpieza: 3
2026-05-22 17:35:52,323 - INFO - Aplicando transformaciones...
2026-05-22 17:35:52,327 - INFO - Transformaciones aplicadas correctamente
2026-05-22 17:35:52,328 - INFO - Archivo guardado en data/processed/mascotas_limpio.csv con 43 registros
2026-05-22 17:35:52,328 - INFO - Pipeline finalizado correctamente ✓
2026-05-22 17:37:42,042 - INFO - Cargando dataset...
2026-05-22 17:37:42,043 - INFO - Dataset cargado: 50 filas, 11 columnas
2026-05-22 17:37:42,043 - INFO - Iniciando limpieza...
2026-05-22 17:37:42,046 - INFO - Registros eliminados en limpieza: 3
2026-05-22 17:37:42,046 - INFO - Aplicando transformaciones...
2026-05-22 17:37:42,049 - INFO - Transformaciones aplicadas correctamente
2026-05-22 17:37:42,051 - INFO - Archivo guardado en data/processed/mascotas_limpio.csv con 43 registros
2026-05-22 17:37:42,051 - INFO - Pipeline finalizado correctamente ✓
2026-05-29 16:03:54,674 - INFO - Cargando dataset...
2026-05-29 16:03:54,676 - INFO - Dataset cargado: 50 filas, 11 columnas
2026-05-29 16:03:54,676 - INFO - Iniciando limpieza...
2026-05-29 16:03:54,679 - INFO - Registros eliminados en limpieza: 3
2026-05-29 16:03:54,679 - INFO - Aplicando transformaciones...
2026-05-29 16:03:54,682 - INFO - Transformaciones aplicadas correctamente
2026-05-29 16:03:54,684 - INFO - Archivo guardado en data/processed/mascotas_limpio.csv con 43 registros
2026-05-29 16:03:54,684 - INFO - Pipeline finalizado correctamente ✓
2026-05-29 16:04:59,610 - INFO - Cargando dataset...
2026-05-29 16:04:59,613 - INFO - Dataset cargado: 50 filas, 11 columnas
2026-05-29 16:04:59,613 - INFO - Iniciando limpieza...
2026-05-29 16:04:59,615 - INFO - Registros eliminados en limpieza: 3
2026-05-29 16:04:59,615 - INFO - Aplicando transformaciones...
2026-05-29 16:04:59,618 - INFO - Transformaciones aplicadas correctamente
2026-05-29 16:04:59,620 - INFO - Archivo guardado en data/processed/mascotas_limpio.csv con 43 registros
2026-05-29 16:04:59,620 - INFO - Pipeline finalizado correctamente ✓
2026-05-29 16:05:39,114 - INFO - Cargando dataset...
2026-05-29 16:05:39,117 - INFO - Dataset cargado: 50 filas, 11 columnas
2026-05-29 16:05:39,117 - INFO - Iniciando limpieza...
2026-05-29 16:05:39,123 - INFO - Registros eliminados en limpieza: 3
2026-05-29 16:05:39,123 - INFO - Aplicando transformaciones...
2026-05-29 16:05:39,126 - INFO - Transformaciones aplicadas correctamente
2026-05-29 16:05:39,128 - INFO - Archivo guardado en data/processed/mascotas_limpio.csv con 43 registros
2026-05-29 16:05:39,128 - INFO - Pipeline finalizado correctamente ✓
2026-05-29 16:08:38,891 - INFO - Cargando dataset...
2026-05-29 16:08:38,892 - INFO - Dataset cargado: 50 filas, 11 columnas
2026-05-29 16:08:38,892 - INFO - Iniciando limpieza...
2026-05-29 16:08:38,894 - INFO - Registros eliminados en limpieza: 3
2026-05-29 16:08:38,894 - INFO - Aplicando transformaciones...
2026-05-29 16:08:38,896 - INFO - Transformaciones aplicadas correctamente
2026-05-29 16:08:38,897 - INFO - Archivo guardado en data/processed/mascotas_limpio.csv con 43 registros
2026-05-29 16:08:38,898 - INFO - Pipeline finalizado correctamente ✓
2026-05-29 16:09:21,452 - INFO - Cargando dataset...
2026-05-29 16:09:21,453 - INFO - Dataset cargado: 50 filas, 11 columnas
2026-05-29 16:09:21,453 - INFO - Iniciando limpieza...
2026-05-29 16:09:21,455 - INFO - Registros eliminados en limpieza: 3
2026-05-29 16:09:21,455 - INFO - Aplicando transformaciones...
2026-05-29 16:09:21,457 - INFO - Transformaciones aplicadas correctamente
2026-05-29 16:09:21,458 - INFO - Archivo guardado en data/processed/mascotas_limpio.csv con 43 registros
2026-05-29 16:09:21,458 - INFO - Pipeline finalizado correctamente ✓
2026-05-29 16:11:06,564 - INFO - Cargando dataset...
2026-05-29 16:11:06,565 - INFO - Dataset cargado: 50 filas, 11 columnas
2026-05-29 16:11:06,565 - INFO - Iniciando limpieza...
2026-05-29 16:11:06,568 - INFO - Registros eliminados en limpieza: 3
2026-05-29 16:11:06,568 - INFO - Aplicando transformaciones...
2026-05-29 16:11:06,570 - INFO - Transformaciones aplicadas correctamente
2026-05-29 16:11:06,571 - INFO - Archivo guardado en data/processed/mascotas_limpio.csv con 43 registros
2026-05-29 16:11:06,571 - INFO - Pipeline finalizado correctamente ✓
2026-05-29 16:12:37,715 - INFO - Cargando dataset...
2026-05-29 16:12:37,717 - INFO - Dataset cargado: 50 filas, 11 columnas
2026-05-29 16:12:37,717 - INFO - Iniciando limpieza...
2026-05-29 16:12:37,719 - INFO - Registros eliminados en limpieza: 3
2026-05-29 16:12:37,719 - INFO - Aplicando transformaciones...
2026-05-29 16:12:37,722 - INFO - Transformaciones aplicadas correctamente
2026-05-29 16:12:37,723 - INFO - Archivo guardado en data/processed/mascotas_limpio.csv con 43 registros
2026-05-29 16:12:37,723 - INFO - Pipeline finalizado correctamente ✓
2026-05-29 16:14:13,251 - INFO - Cargando dataset...
2026-05-29 16:14:13,252 - INFO - Dataset cargado: 50 filas, 11 columnas
2026-05-29 16:14:13,252 - INFO - Iniciando limpieza...
2026-05-29 16:14:13,254 - INFO - Registros eliminados en limpieza: 3
2026-05-29 16:14:13,254 - INFO - Aplicando transformaciones...
2026-05-29 16:14:13,256 - INFO - Transformaciones aplicadas correctamente
2026-05-29 16:14:13,257 - INFO - Archivo guardado en data/processed/mascotas_limpio.csv con 43 registros
2026-05-29 16:14:13,257 - INFO - Pipeline finalizado correctamente ✓
2026-05-29 16:14:48,229 - INFO - Cargando dataset...
2026-05-29 16:14:48,230 - INFO - Dataset cargado: 50 filas, 11 columnas
2026-05-29 16:14:48,230 - INFO - Iniciando limpieza...
2026-05-29 16:14:48,232 - INFO - Registros eliminados en limpieza: 3
2026-05-29 16:14:48,232 - INFO - Aplicando transformaciones...
2026-05-29 16:14:48,234 - INFO - Transformaciones aplicadas correctamente
2026-05-29 16:14:48,236 - INFO - Archivo guardado en data/processed/mascotas_limpio.csv con 43 registros
2026-05-29 16:14:48,236 - INFO - Pipeline finalizado correctamente ✓
2026-05-29 16:15:44,919 - INFO - Cargando dataset...
2026-05-29 16:15:44,920 - INFO - Dataset cargado: 50 filas, 11 columnas
2026-05-29 16:15:44,920 - INFO - Iniciando limpieza...
2026-05-29 16:15:44,922 - INFO - Registros eliminados en limpieza: 3
2026-05-29 16:15:44,922 - INFO - Aplicando transformaciones...
2026-05-29 16:15:44,925 - INFO - Transformaciones aplicadas correctamente
2026-05-29 16:15:44,925 - INFO - eliminando id nulos
2026-05-29 16:15:45,751 - INFO - Cargando dataset...
2026-05-29 16:15:45,752 - INFO - Dataset cargado: 50 filas, 11 columnas
2026-05-29 16:15:45,752 - INFO - Iniciando limpieza...
2026-05-29 16:15:45,754 - INFO - Registros eliminados en limpieza: 3
2026-05-29 16:15:45,754 - INFO - Aplicando transformaciones...
2026-05-29 16:15:45,756 - INFO - Transformaciones aplicadas correctamente
2026-05-29 16:15:45,756 - INFO - eliminando id nulos
2026-05-29 16:15:56,350 - INFO - Cargando dataset...
2026-05-29 16:15:56,351 - INFO - Dataset cargado: 50 filas, 11 columnas
2026-05-29 16:15:56,351 - INFO - Iniciando limpieza...
2026-05-29 16:15:56,353 - INFO - Registros eliminados en limpieza: 3
2026-05-29 16:15:56,353 - INFO - Aplicando transformaciones...
2026-05-29 16:15:56,355 - INFO - Transformaciones aplicadas correctamente
2026-05-29 16:15:56,355 - INFO - eliminando id nulos
2026-05-29 16:16:19,696 - INFO - Cargando dataset...
2026-05-29 16:16:19,697 - INFO - Dataset cargado: 50 filas, 11 columnas
2026-05-29 16:16:19,697 - INFO - Iniciando limpieza...
2026-05-29 16:16:19,700 - INFO - Registros eliminados en limpieza: 3
2026-05-29 16:16:19,701 - INFO - Aplicando transformaciones...
2026-05-29 16:16:19,705 - INFO - Transformaciones aplicadas correctamente
2026-05-29 16:16:19,705 - INFO - aplicando descuento del 10% precio mayor a 10000
2026-05-29 16:16:19,705 - INFO - descuento aplicado correctamente
2026-05-29 16:16:19,710 - INFO - Archivo guardado en data/processed/mascotas_limpio.csv con 43 registros
2026-05-29 16:16:19,710 - INFO - Pipeline finalizado correctamente ✓
2026-05-29 16:17:02,672 - INFO - Cargando dataset...
2026-05-29 16:17:02,673 - INFO - Dataset cargado: 50 filas, 11 columnas
2026-05-29 16:17:02,673 - INFO - Iniciando limpieza...
2026-05-29 16:17:02,675 - INFO - Registros eliminados en limpieza: 3
2026-05-29 16:17:02,675 - INFO - Aplicando transformaciones...
2026-05-29 16:17:02,677 - INFO - Transformaciones aplicadas correctamente
2026-05-29 16:17:02,677 - INFO - eliminando id nulos
2026-05-29 16:19:32,177 - INFO - Cargando dataset...
2026-05-29 16:19:32,178 - INFO - Dataset cargado: 50 filas, 11 columnas
2026-05-29 16:19:32,178 - INFO - Iniciando limpieza...
2026-05-29 16:19:32,180 - INFO - Registros eliminados en limpieza: 3
2026-05-29 16:19:32,180 - INFO - Aplicando transformaciones...
2026-05-29 16:19:32,183 - INFO - Transformaciones aplicadas correctamente
2026-05-29 16:19:32,183 - INFO - eliminando id nulos
2026-05-29 16:19:32,183 - INFO - aplicando descuento del 10% precio mayor a 10000
2026-05-29 16:19:32,184 - INFO - descuento aplicado correctamente
2026-05-29 16:19:32,185 - INFO - Archivo guardado en data/processed/mascotas_limpio.csv con 43 registros
2026-05-29 16:19:32,185 - INFO - Pipeline finalizado correctamente ✓
